#
# There is insufficient memory for the Java Runtime Environment to continue.
# Native memory allocation (malloc) failed to allocate 1048576 bytes. Error detail: AllocateHeap
# Possible reasons:
#   The system is out of physical RAM or swap space
#   This process is running with CompressedOops enabled, and the Java Heap may be blocking the growth of the native heap
# Possible solutions:
#   Reduce memory load on the system
#   Increase physical memory or swap space
#   Check if swap backing store is full
#   Decrease Java heap size (-Xmx/-Xms)
#   Decrease number of Java threads
#   Decrease Java thread stack sizes (-Xss)
#   Set larger code cache with -XX:ReservedCodeCacheSize=
#   JVM is running with Unscaled Compressed Oops mode in which the Java heap is
#     placed in the first 4GB address space. The Java Heap base address is the
#     maximum limit for the native heap growth. Please use -XX:HeapBaseMinAddress
#     to set the Java Heap base and to place the Java Heap above 4GB virtual address.
# This output file may be truncated or incomplete.
#
#  Out of Memory Error (allocation.cpp:44), pid=23952, tid=13588
#
# JRE version: OpenJDK Runtime Environment Temurin-21.0.12.1+1 (21.0.12.1+1) (build 21.0.12.1+1-LTS)
# Java VM: OpenJDK 64-Bit Server VM Temurin-21.0.12.1+1 (21.0.12.1+1-LTS, mixed mode, sharing, tiered, compressed oops, compressed class ptrs, parallel gc, windows-amd64)
# No core dump will be written. Minidumps are not enabled by default on client versions of Windows
#

---------------  S U M M A R Y ------------

Command Line: --add-modules=ALL-SYSTEM --add-opens=java.base/java.util=ALL-UNNAMED --add-opens=java.base/java.lang=ALL-UNNAMED --add-opens=java.base/sun.nio.fs=ALL-UNNAMED -Declipse.application=org.eclipse.jdt.ls.core.id1 -Dosgi.bundles.defaultStartLevel=4 -Declipse.product=org.eclipse.jdt.ls.core.product -Djava.import.generatesMetadataFilesAtProjectRoot=false -Dm2e.project.cache.size=50 -DDetectVMInstallationsJob.disabled=true -Dfile.encoding=utf8 -XX:+UseParallelGC -XX:GCTimeRatio=4 -XX:AdaptiveSizePolicyWeight=90 -Dsun.zip.disableMemoryMapping=true -Xmx2G -Xms100m -Xlog:disable -javaagent:c:\Users\lriva\.kiro\extensions\redhat.java-1.56.0-win32-x64\lombok\lombok-1.18.39-4050.jar -XX:+HeapDumpOnOutOfMemoryError -XX:HeapDumpPath=c:\Users\lriva\AppData\Roaming\Kiro\User\workspaceStorage\f4f213bcac9ccfb97ae489539345d8fe\redhat.java -Daether.dependencyCollector.impl=bf c:\Users\lriva\.kiro\extensions\redhat.java-1.56.0-win32-x64\server\plugins\org.eclipse.equinox.launcher_1.8.0.v20260804-1928.jar -configuration c:\Users\lriva\AppData\Roaming\Kiro\User\globalStorage\redhat.java\1.56.0\config_win -data c:\Users\lriva\AppData\Roaming\Kiro\User\workspaceStorage\f4f213bcac9ccfb97ae489539345d8fe\redhat.java\jdt_ws --pipe=\\.\pipe\lsp-8f8135fb3684f179d7dfc2f417141c66-sock

Host: Intel(R) Core(TM) 5 120U, 12 cores, 7G,  Windows 11 , 64 bit Build 26100 (10.0.26100.9444)
Time: Wed Oct  7 09:04:36 2026 Hora est. Pacífico, Sudamérica elapsed time: 3208.331109 seconds (0d 0h 53m 28s)

---------------  T H R E A D  ---------------

Current thread (0x0000025671314920):  JavaThread "Attach Listener" daemon [_thread_in_vm, id=13588, stack(0x000000aeabc00000,0x000000aeabd00000) (1024K)]

Stack: [0x000000aeabc00000,0x000000aeabd00000]
Native frames: (J=compiled Java code, j=interpreted, Vv=VM code, C=native code)
V  [jvm.dll+0x6d83e9]
V  [jvm.dll+0x8b5736]
V  [jvm.dll+0x8b7cee]
V  [jvm.dll+0x8b83d3]
V  [jvm.dll+0x284596]
V  [jvm.dll+0xc13c7]
V  [jvm.dll+0x6d8c99]
V  [jvm.dll+0x133616]
V  [jvm.dll+0x3f8aae]
V  [jvm.dll+0x8600cd]
V  [jvm.dll+0x6d6c1d]
C  [ucrtbase.dll+0x2cd30]
C  [KERNEL32.DLL+0x2cd87]
C  [ntdll.dll+0xacaec]


---------------  P R O C E S S  ---------------

Threads class SMR info:
_java_thread_list=0x0000025679fa21a0, length=39, elements={
0x00000256571117b0, 0x00000256595b8cc0, 0x00000256595bacd0, 0x0000025671313c40,
0x0000025671314920, 0x0000025671315380, 0x0000025671315de0, 0x0000025671318b80,
0x00000256713486c0, 0x0000025671525110, 0x00000256716c29c0, 0x0000025672a9a9a0,
0x0000025672a21b00, 0x00000256770b1c60, 0x00000256770b26e0, 0x0000025677630650,
0x0000025677b970d0, 0x0000025672343d70, 0x0000025671581e50, 0x00000256715817c0,
0x0000025671581130, 0x00000256715824e0, 0x0000025671583200, 0x000002567901e440,
0x000002567901fe80, 0x000002567901ead0, 0x000002567901f160, 0x0000025679020510,
0x000002567901f7f0, 0x0000025679020ba0, 0x0000025679021230, 0x000002567901ddb0,
0x000002567711de60, 0x00000256771205c0, 0x000002567711eb80, 0x000002567711f210,
0x000002567711f8a0, 0x0000025677121970, 0x0000025677122000
}

Java Threads: ( => current thread )
  0x00000256571117b0 JavaThread "main"                              [_thread_blocked, id=22896, stack(0x000000aeab500000,0x000000aeab600000) (1024K)]
  0x00000256595b8cc0 JavaThread "Reference Handler"          daemon [_thread_blocked, id=9924, stack(0x000000aeab900000,0x000000aeaba00000) (1024K)]
  0x00000256595bacd0 JavaThread "Finalizer"                  daemon [_thread_blocked, id=25860, stack(0x000000aeaba00000,0x000000aeabb00000) (1024K)]
  0x0000025671313c40 JavaThread "Signal Dispatcher"          daemon [_thread_blocked, id=17544, stack(0x000000aeabb00000,0x000000aeabc00000) (1024K)]
=>0x0000025671314920 JavaThread "Attach Listener"            daemon [_thread_in_vm, id=13588, stack(0x000000aeabc00000,0x000000aeabd00000) (1024K)]
  0x0000025671315380 JavaThread "Service Thread"             daemon [_thread_blocked, id=41352, stack(0x000000aeabd00000,0x000000aeabe00000) (1024K)]
  0x0000025671315de0 JavaThread "Monitor Deflation Thread"   daemon [_thread_blocked, id=4348, stack(0x000000aeabe00000,0x000000aeabf00000) (1024K)]
  0x0000025671318b80 JavaThread "C2 CompilerThread0"         daemon [_thread_blocked, id=39104, stack(0x000000aeabf00000,0x000000aeac000000) (1024K)]
  0x00000256713486c0 JavaThread "C1 CompilerThread0"         daemon [_thread_blocked, id=20808, stack(0x000000aeac000000,0x000000aeac100000) (1024K)]
  0x0000025671525110 JavaThread "Common-Cleaner"             daemon [_thread_blocked, id=41052, stack(0x000000aeac200000,0x000000aeac300000) (1024K)]
  0x00000256716c29c0 JavaThread "Notification Thread"        daemon [_thread_blocked, id=27668, stack(0x000000aeac300000,0x000000aeac400000) (1024K)]
  0x0000025672a9a9a0 JavaThread "Active Thread: Equinox Container: 95cdc3d5-77f2-41df-86b3-eb1b3e4354e2"        [_thread_blocked, id=42084, stack(0x000000aeac100000,0x000000aeac200000) (1024K)]
  0x0000025672a21b00 JavaThread "Refresh Thread: Equinox Container: 95cdc3d5-77f2-41df-86b3-eb1b3e4354e2" daemon [_thread_blocked, id=39348, stack(0x000000aeacb00000,0x000000aeacc00000) (1024K)]
  0x00000256770b1c60 JavaThread "Framework Event Dispatcher: Equinox Container: 95cdc3d5-77f2-41df-86b3-eb1b3e4354e2" daemon [_thread_blocked, id=19824, stack(0x000000aeacc00000,0x000000aeacd00000) (1024K)]
  0x00000256770b26e0 JavaThread "Start Level: Equinox Container: 95cdc3d5-77f2-41df-86b3-eb1b3e4354e2" daemon [_thread_blocked, id=24992, stack(0x000000aeacd00000,0x000000aeace00000) (1024K)]
  0x0000025677630650 JavaThread "Bundle File Closer"         daemon [_thread_blocked, id=41048, stack(0x000000aead000000,0x000000aead100000) (1024K)]
  0x0000025677b970d0 JavaThread "SCR Component Actor"        daemon [_thread_blocked, id=9080, stack(0x000000aead100000,0x000000aead200000) (1024K)]
  0x0000025672343d70 JavaThread "Worker-JM"                         [_thread_blocked, id=8976, stack(0x000000aead200000,0x000000aead300000) (1024K)]
  0x0000025671581e50 JavaThread "JNA Cleaner"                daemon [_thread_blocked, id=4912, stack(0x000000aead300000,0x000000aead400000) (1024K)]
  0x00000256715817c0 JavaThread "Worker-0"                          [_thread_blocked, id=26108, stack(0x000000aead400000,0x000000aead500000) (1024K)]
  0x0000025671581130 JavaThread "Java indexing"              daemon [_thread_blocked, id=11756, stack(0x000000aead700000,0x000000aead800000) (1024K)]
  0x00000256715824e0 JavaThread "Worker-4"                          [_thread_blocked, id=16104, stack(0x000000aeadb00000,0x000000aeadc00000) (1024K)]
  0x0000025671583200 JavaThread "Thread-1"                   daemon [_thread_in_native, id=39648, stack(0x000000aeadc00000,0x000000aeadd00000) (1024K)]
  0x000002567901e440 JavaThread "Thread-2"                   daemon [_thread_in_native, id=24296, stack(0x000000aeadd00000,0x000000aeade00000) (1024K)]
  0x000002567901fe80 JavaThread "Thread-3"                   daemon [_thread_in_native, id=21868, stack(0x000000aeade00000,0x000000aeadf00000) (1024K)]
  0x000002567901ead0 JavaThread "Thread-4"                   daemon [_thread_in_native, id=40004, stack(0x000000aeadf00000,0x000000aeae000000) (1024K)]
  0x000002567901f160 JavaThread "Thread-5"                   daemon [_thread_in_native, id=3996, stack(0x000000aeae000000,0x000000aeae100000) (1024K)]
  0x0000025679020510 JavaThread "Thread-6"                   daemon [_thread_in_native, id=18100, stack(0x000000aeae100000,0x000000aeae200000) (1024K)]
  0x000002567901f7f0 JavaThread "Thread-7"                   daemon [_thread_in_native, id=15004, stack(0x000000aeae200000,0x000000aeae300000) (1024K)]
  0x0000025679020ba0 JavaThread "Thread-8"                   daemon [_thread_in_native, id=8304, stack(0x000000aeae300000,0x000000aeae400000) (1024K)]
  0x0000025679021230 JavaThread "Thread-9"                   daemon [_thread_in_native, id=30216, stack(0x000000aeae400000,0x000000aeae500000) (1024K)]
  0x000002567901ddb0 JavaThread "Thread-10"                  daemon [_thread_in_native, id=41840, stack(0x000000aeae500000,0x000000aeae600000) (1024K)]
  0x000002567711de60 JavaThread "Thread-11"                  daemon [_thread_in_native, id=43464, stack(0x000000aeae600000,0x000000aeae700000) (1024K)]
  0x00000256771205c0 JavaThread "Thread-12"                  daemon [_thread_in_native, id=43656, stack(0x000000aeae700000,0x000000aeae800000) (1024K)]
  0x000002567711eb80 JavaThread "Thread-13"                  daemon [_thread_in_native, id=21300, stack(0x000000aeae800000,0x000000aeae900000) (1024K)]
  0x000002567711f210 JavaThread "pool-2-thread-1"                   [_thread_blocked, id=42676, stack(0x000000aeae900000,0x000000aeaea00000) (1024K)]
  0x000002567711f8a0 JavaThread "WorkspaceEventsHandler"            [_thread_blocked, id=15328, stack(0x000000aeaea00000,0x000000aeaeb00000) (1024K)]
  0x0000025677121970 JavaThread "pool-1-thread-1"                   [_thread_blocked, id=16740, stack(0x000000aeaeb00000,0x000000aeaec00000) (1024K)]
  0x0000025677122000 JavaThread "PatternSearchJob-worker-10" daemon [_thread_blocked, id=23252, stack(0x000000aeaf500000,0x000000aeaf600000) (1024K)]
Total: 39

Other Threads:
  0x0000025671310f10 VMThread "VM Thread"                           [id=26760, stack(0x000000aeab800000,0x000000aeab900000) (1024K)]
  0x000002565949ca00 WatcherThread "VM Periodic Task Thread"        [id=15896, stack(0x000000aeab700000,0x000000aeab800000) (1024K)]
  0x0000025659644e90 WorkerThread "GC Thread#0"                     [id=3544, stack(0x000000aeab600000,0x000000aeab700000) (1024K)]
  0x00000256725f4d20 WorkerThread "GC Thread#1"                     [id=30352, stack(0x000000aeac400000,0x000000aeac500000) (1024K)]
  0x00000256725f50d0 WorkerThread "GC Thread#2"                     [id=18204, stack(0x000000aeac500000,0x000000aeac600000) (1024K)]
  0x0000025672905a50 WorkerThread "GC Thread#3"                     [id=18712, stack(0x000000aeac600000,0x000000aeac700000) (1024K)]
  0x0000025672905e00 WorkerThread "GC Thread#4"                     [id=13160, stack(0x000000aeac700000,0x000000aeac800000) (1024K)]
  0x000002567269af80 WorkerThread "GC Thread#5"                     [id=43348, stack(0x000000aeac800000,0x000000aeac900000) (1024K)]
  0x000002567269b330 WorkerThread "GC Thread#6"                     [id=22812, stack(0x000000aeac900000,0x000000aeaca00000) (1024K)]
  0x0000025672a475a0 WorkerThread "GC Thread#7"                     [id=35600, stack(0x000000aeaca00000,0x000000aeacb00000) (1024K)]
  0x0000025672a48460 WorkerThread "GC Thread#8"                     [id=20592, stack(0x000000aeace00000,0x000000aeacf00000) (1024K)]
  0x0000025672a47d00 WorkerThread "GC Thread#9"                     [id=30268, stack(0x000000aeacf00000,0x000000aead000000) (1024K)]
Total: 12

Threads with active compile tasks:
Total: 0

VM state: not at safepoint (normal execution)

VM Mutex/Monitor currently owned by a thread: None

Heap address: 0x0000000080000000, size: 2048 MB, Compressed Oops mode: 32-bit

CDS archive(s) mapped at: [0x0000025600000000-0x0000025600ba0000-0x0000025600ba0000), size 12189696, SharedBaseAddress: 0x0000025600000000, ArchiveRelocationMode: 1.
Compressed class space mapped at: 0x0000025601000000-0x0000025641000000, reserved size: 1073741824
Narrow klass base: 0x0000025600000000, Narrow klass shift: 0, Narrow klass range: 0x100000000

GC Precious Log:
 CardTable entry size: 512
 CPUs: 12 total, 12 available
 Memory: 7832M
 Large Page Support: Disabled
 NUMA Support: Disabled
 Compressed Oops: Enabled (32-bit)
 Alignments: Space 512K, Generation 512K, Heap 2M
 Heap Min Capacity: 100M
 Heap Initial Capacity: 100M
 Heap Max Capacity: 2G
 Pre-touch: Disabled
 Parallel Workers: 10

Heap:
 PSYoungGen      total 17920K, used 6793K [0x00000000d5580000, 0x00000000d6980000, 0x0000000100000000)
  eden space 17408K, 37% used [0x00000000d5580000,0x00000000d5bca450,0x00000000d6680000)
  from space 512K, 68% used [0x00000000d6880000,0x00000000d68d8000,0x00000000d6900000)
  to   space 512K, 0% used [0x00000000d6900000,0x00000000d6900000,0x00000000d6980000)
 ParOldGen       total 68608K, used 56835K [0x0000000080000000, 0x0000000084300000, 0x00000000d5580000)
  object space 68608K, 82% used [0x0000000080000000,0x0000000083780dd0,0x0000000084300000)
 Metaspace       used 63029K, committed 64448K, reserved 1114112K
  class space    used 6673K, committed 7296K, reserved 1048576K

Card table byte_map: [0x0000025658fb0000,0x00000256593c0000] _byte_map_base: 0x0000025658bb0000

Marking Bits: (ParMarkBitMap*) 0x00007ff8f06844a0
 Begin Bits: [0x000002566bac0000, 0x000002566dac0000)
 End Bits:   [0x000002566dac0000, 0x000002566fac0000)

Polling page: 0x0000025657610000

Metaspace:

Usage:
  Non-class:     55.04 MB used.
      Class:      6.52 MB used.
       Both:     61.55 MB used.

Virtual space:
  Non-class space:       64.00 MB reserved,      55.81 MB ( 87%) committed,  1 nodes.
      Class space:        1.00 GB reserved,       7.12 MB ( <1%) committed,  1 nodes.
             Both:        1.06 GB reserved,      62.94 MB (  6%) committed. 

Chunk freelists:
   Non-Class:  7.39 MB
       Class:  8.83 MB
        Both:  16.22 MB

MaxMetaspaceSize: unlimited
CompressedClassSpaceSize: 1.00 GB
Initial GC threshold: 21.00 MB
Current GC threshold: 97.31 MB
CDS: on
 - commit_granule_bytes: 65536.
 - commit_granule_words: 8192.
 - virtual_space_node_default_size: 8388608.
 - enlarge_chunks_in_place: 1.
 - use_allocation_guard: 0.


Internal statistics:

num_allocs_failed_limit: 9.
num_arena_births: 1192.
num_arena_deaths: 16.
num_vsnodes_births: 2.
num_vsnodes_deaths: 0.
num_space_committed: 1007.
num_space_uncommitted: 0.
num_chunks_returned_to_freelist: 26.
num_chunks_taken_from_freelist: 4257.
num_chunk_merges: 12.
num_chunk_splits: 2535.
num_chunks_enlarged: 1299.
num_inconsistent_stats: 0.

CodeHeap 'non-profiled nmethods': size=120000Kb used=5800Kb max_used=5800Kb free=114199Kb
 bounds [0x00000256642e0000, 0x0000025664890000, 0x000002566b810000]
CodeHeap 'profiled nmethods': size=120000Kb used=23948Kb max_used=23948Kb free=96051Kb
 bounds [0x000002565c810000, 0x000002565df80000, 0x0000025663d40000]
CodeHeap 'non-nmethods': size=5760Kb used=1427Kb max_used=1499Kb free=4332Kb
 bounds [0x0000025663d40000, 0x0000025663fb0000, 0x00000256642e0000]
CodeCache: size=245760Kb, used=31175Kb, max_used=31247Kb, free=214582Kb
 total_blobs=11423, nmethods=10681, adapters=648, full_count=0
Compilation: enabled, stopped_count=0, restarted_count=0

Compilation events (20 events):
Event: 2644.614 Thread 0x00000256713486c0 11453       3       java.lang.ProcessHandle::of (5 bytes)
Event: 2644.614 Thread 0x00000256713486c0 nmethod 11453 0x000002565df6aa10 code [0x000002565df6abc0, 0x000002565df6acd8]
Event: 2644.614 Thread 0x00000256713486c0 11454       3       java.lang.ProcessHandleImpl::isAlive (44 bytes)
Event: 2644.616 Thread 0x00000256713486c0 nmethod 11454 0x000002565df6ad90 code [0x000002565df6af40, 0x000002565df6b1a0]
Event: 2734.696 Thread 0x00000256713486c0 11455       3       java.util.concurrent.ScheduledThreadPoolExecutor$DelayedWorkQueue::finishPoll (43 bytes)
Event: 2734.718 Thread 0x00000256713486c0 nmethod 11455 0x000002565df6b290 code [0x000002565df6b460, 0x000002565df6b9e8]
Event: 2734.719 Thread 0x00000256713486c0 11457       3       java.util.concurrent.locks.AbstractQueuedSynchronizer$ConditionObject::awaitNanos (202 bytes)
Event: 2734.771 Thread 0x00000256713486c0 nmethod 11457 0x000002565df6bb90 code [0x000002565df6be80, 0x000002565df6cca0]
Event: 2763.098 Thread 0x00000256713486c0 11458       3       java.util.concurrent.ScheduledThreadPoolExecutor$ScheduledFutureTask::setNextRunTime (38 bytes)
Event: 2763.101 Thread 0x00000256713486c0 nmethod 11458 0x000002565df6d210 code [0x000002565df6d3c0, 0x000002565df6d650]
Event: 2763.101 Thread 0x00000256713486c0 11459       3       java.util.concurrent.ScheduledThreadPoolExecutor::reExecutePeriodic (49 bytes)
Event: 2763.117 Thread 0x00000256713486c0 nmethod 11459 0x000002565df6d710 code [0x000002565df6d940, 0x000002565df6e0c0]
Event: 2764.738 Thread 0x00000256713486c0 11460   !   3       java.util.concurrent.FutureTask::runAndReset (125 bytes)
Event: 2764.792 Thread 0x00000256713486c0 nmethod 11460 0x000002565df6e310 code [0x000002565df6e780, 0x000002565df70c30]
Event: 2842.288 Thread 0x00000256713486c0 11461   !   3       java.util.logging.LogManager::ensureLogManagerInitialized (144 bytes)
Event: 2842.377 Thread 0x00000256713486c0 nmethod 11461 0x000002565df71790 code [0x000002565df71aa0, 0x000002565df72bc0]
Event: 3013.584 Thread 0x00000256713486c0 11462       1       java.security.DrbgParameters$NextBytes::getStrength (5 bytes)
Event: 3013.595 Thread 0x00000256713486c0 nmethod 11462 0x0000025664889c10 code [0x0000025664889da0, 0x0000025664889e68]
Event: 3013.596 Thread 0x00000256713486c0 11463       1       java.security.DrbgParameters$NextBytes::getPredictionResistance (5 bytes)
Event: 3013.597 Thread 0x00000256713486c0 nmethod 11463 0x0000025664889f10 code [0x000002566488a0a0, 0x000002566488a170]

GC Heap History (20 events):
Event: 54.267 GC heap before
{Heap before GC invocations=53 (full 3):
 PSYoungGen      total 18432K, used 18158K [0x00000000d5580000, 0x00000000d6b00000, 0x0000000100000000)
  eden space 17408K, 100% used [0x00000000d5580000,0x00000000d6680000,0x00000000d6680000)
  from space 1024K, 73% used [0x00000000d6800000,0x00000000d68bb938,0x00000000d6900000)
  to   space 1536K, 0% used [0x00000000d6980000,0x00000000d6980000,0x00000000d6b00000)
 ParOldGen       total 68608K, used 53767K [0x0000000080000000, 0x0000000084300000, 0x00000000d5580000)
  object space 68608K, 78% used [0x0000000080000000,0x0000000083481de0,0x0000000084300000)
 Metaspace       used 62057K, committed 63552K, reserved 1114112K
  class space    used 6619K, committed 7296K, reserved 1048576K
}
Event: 54.272 GC heap after
{Heap after GC invocations=53 (full 3):
 PSYoungGen      total 18944K, used 1522K [0x00000000d5580000, 0x00000000d6b80000, 0x0000000100000000)
  eden space 17408K, 0% used [0x00000000d5580000,0x00000000d5580000,0x00000000d6680000)
  from space 1536K, 99% used [0x00000000d6980000,0x00000000d6afc848,0x00000000d6b00000)
  to   space 2560K, 0% used [0x00000000d6680000,0x00000000d6680000,0x00000000d6900000)
 ParOldGen       total 68608K, used 54408K [0x0000000080000000, 0x0000000084300000, 0x00000000d5580000)
  object space 68608K, 79% used [0x0000000080000000,0x0000000083522008,0x0000000084300000)
 Metaspace       used 62057K, committed 63552K, reserved 1114112K
  class space    used 6619K, committed 7296K, reserved 1048576K
}
Event: 54.607 GC heap before
{Heap before GC invocations=54 (full 3):
 PSYoungGen      total 18944K, used 18925K [0x00000000d5580000, 0x00000000d6b80000, 0x0000000100000000)
  eden space 17408K, 99% used [0x00000000d5580000,0x00000000d667ef88,0x00000000d6680000)
  from space 1536K, 99% used [0x00000000d6980000,0x00000000d6afc848,0x00000000d6b00000)
  to   space 2560K, 0% used [0x00000000d6680000,0x00000000d6680000,0x00000000d6900000)
 ParOldGen       total 68608K, used 54408K [0x0000000080000000, 0x0000000084300000, 0x00000000d5580000)
  object space 68608K, 79% used [0x0000000080000000,0x0000000083522008,0x0000000084300000)
 Metaspace       used 62246K, committed 63744K, reserved 1114112K
  class space    used 6620K, committed 7296K, reserved 1048576K
}
Event: 54.611 GC heap after
{Heap after GC invocations=54 (full 3):
 PSYoungGen      total 19968K, used 352K [0x00000000d5580000, 0x00000000d6a00000, 0x0000000100000000)
  eden space 17408K, 0% used [0x00000000d5580000,0x00000000d5580000,0x00000000d6680000)
  from space 2560K, 13% used [0x00000000d6680000,0x00000000d66d8000,0x00000000d6900000)
  to   space 1024K, 0% used [0x00000000d6900000,0x00000000d6900000,0x00000000d6a00000)
 ParOldGen       total 68608K, used 55772K [0x0000000080000000, 0x0000000084300000, 0x00000000d5580000)
  object space 68608K, 81% used [0x0000000080000000,0x0000000083677210,0x0000000084300000)
 Metaspace       used 62246K, committed 63744K, reserved 1114112K
  class space    used 6620K, committed 7296K, reserved 1048576K
}
Event: 54.889 GC heap before
{Heap before GC invocations=55 (full 3):
 PSYoungGen      total 19968K, used 17760K [0x00000000d5580000, 0x00000000d6a00000, 0x0000000100000000)
  eden space 17408K, 100% used [0x00000000d5580000,0x00000000d6680000,0x00000000d6680000)
  from space 2560K, 13% used [0x00000000d6680000,0x00000000d66d8000,0x00000000d6900000)
  to   space 1024K, 0% used [0x00000000d6900000,0x00000000d6900000,0x00000000d6a00000)
 ParOldGen       total 68608K, used 55772K [0x0000000080000000, 0x0000000084300000, 0x00000000d5580000)
  object space 68608K, 81% used [0x0000000080000000,0x0000000083677210,0x0000000084300000)
 Metaspace       used 62310K, committed 63808K, reserved 1114112K
  class space    used 6620K, committed 7296K, reserved 1048576K
}
Event: 54.891 GC heap after
{Heap after GC invocations=55 (full 3):
 PSYoungGen      total 18432K, used 544K [0x00000000d5580000, 0x00000000d6a00000, 0x0000000100000000)
  eden space 17408K, 0% used [0x00000000d5580000,0x00000000d5580000,0x00000000d6680000)
  from space 1024K, 53% used [0x00000000d6900000,0x00000000d6988000,0x00000000d6a00000)
  to   space 1024K, 0% used [0x00000000d6800000,0x00000000d6800000,0x00000000d6900000)
 ParOldGen       total 68608K, used 55828K [0x0000000080000000, 0x0000000084300000, 0x00000000d5580000)
  object space 68608K, 81% used [0x0000000080000000,0x0000000083685210,0x0000000084300000)
 Metaspace       used 62310K, committed 63808K, reserved 1114112K
  class space    used 6620K, committed 7296K, reserved 1048576K
}
Event: 55.220 GC heap before
{Heap before GC invocations=56 (full 3):
 PSYoungGen      total 18432K, used 17952K [0x00000000d5580000, 0x00000000d6a00000, 0x0000000100000000)
  eden space 17408K, 100% used [0x00000000d5580000,0x00000000d6680000,0x00000000d6680000)
  from space 1024K, 53% used [0x00000000d6900000,0x00000000d6988000,0x00000000d6a00000)
  to   space 1024K, 0% used [0x00000000d6800000,0x00000000d6800000,0x00000000d6900000)
 ParOldGen       total 68608K, used 55828K [0x0000000080000000, 0x0000000084300000, 0x00000000d5580000)
  object space 68608K, 81% used [0x0000000080000000,0x0000000083685210,0x0000000084300000)
 Metaspace       used 62689K, committed 64192K, reserved 1114112K
  class space    used 6652K, committed 7296K, reserved 1048576K
}
Event: 55.222 GC heap after
{Heap after GC invocations=56 (full 3):
 PSYoungGen      total 18432K, used 644K [0x00000000d5580000, 0x00000000d6980000, 0x0000000100000000)
  eden space 17408K, 0% used [0x00000000d5580000,0x00000000d5580000,0x00000000d6680000)
  from space 1024K, 62% used [0x00000000d6800000,0x00000000d68a12f0,0x00000000d6900000)
  to   space 512K, 0% used [0x00000000d6900000,0x00000000d6900000,0x00000000d6980000)
 ParOldGen       total 68608K, used 55836K [0x0000000080000000, 0x0000000084300000, 0x00000000d5580000)
  object space 68608K, 81% used [0x0000000080000000,0x0000000083687210,0x0000000084300000)
 Metaspace       used 62689K, committed 64192K, reserved 1114112K
  class space    used 6652K, committed 7296K, reserved 1048576K
}
Event: 55.516 GC heap before
{Heap before GC invocations=57 (full 3):
 PSYoungGen      total 18432K, used 18052K [0x00000000d5580000, 0x00000000d6980000, 0x0000000100000000)
  eden space 17408K, 100% used [0x00000000d5580000,0x00000000d6680000,0x00000000d6680000)
  from space 1024K, 62% used [0x00000000d6800000,0x00000000d68a12f0,0x00000000d6900000)
  to   space 512K, 0% used [0x00000000d6900000,0x00000000d6900000,0x00000000d6980000)
 ParOldGen       total 68608K, used 55836K [0x0000000080000000, 0x0000000084300000, 0x00000000d5580000)
  object space 68608K, 81% used [0x0000000080000000,0x0000000083687210,0x0000000084300000)
 Metaspace       used 62711K, committed 64192K, reserved 1114112K
  class space    used 6652K, committed 7296K, reserved 1048576K
}
Event: 55.518 GC heap after
{Heap after GC invocations=57 (full 3):
 PSYoungGen      total 17920K, used 384K [0x00000000d5580000, 0x00000000d6980000, 0x0000000100000000)
  eden space 17408K, 0% used [0x00000000d5580000,0x00000000d5580000,0x00000000d6680000)
  from space 512K, 75% used [0x00000000d6900000,0x00000000d6960000,0x00000000d6980000)
  to   space 512K, 0% used [0x00000000d6880000,0x00000000d6880000,0x00000000d6900000)
 ParOldGen       total 68608K, used 56273K [0x0000000080000000, 0x0000000084300000, 0x00000000d5580000)
  object space 68608K, 82% used [0x0000000080000000,0x00000000836f4500,0x0000000084300000)
 Metaspace       used 62711K, committed 64192K, reserved 1114112K
  class space    used 6652K, committed 7296K, reserved 1048576K
}
Event: 55.905 GC heap before
{Heap before GC invocations=58 (full 3):
 PSYoungGen      total 17920K, used 17235K [0x00000000d5580000, 0x00000000d6980000, 0x0000000100000000)
  eden space 17408K, 96% used [0x00000000d5580000,0x00000000d65f4fb8,0x00000000d6680000)
  from space 512K, 75% used [0x00000000d6900000,0x00000000d6960000,0x00000000d6980000)
  to   space 512K, 0% used [0x00000000d6880000,0x00000000d6880000,0x00000000d6900000)
 ParOldGen       total 68608K, used 56273K [0x0000000080000000, 0x0000000084300000, 0x00000000d5580000)
  object space 68608K, 82% used [0x0000000080000000,0x00000000836f4500,0x0000000084300000)
 Metaspace       used 62744K, committed 64192K, reserved 1114112K
  class space    used 6653K, committed 7296K, reserved 1048576K
}
Event: 55.907 GC heap after
{Heap after GC invocations=58 (full 3):
 PSYoungGen      total 17920K, used 256K [0x00000000d5580000, 0x00000000d6980000, 0x0000000100000000)
  eden space 17408K, 0% used [0x00000000d5580000,0x00000000d5580000,0x00000000d6680000)
  from space 512K, 50% used [0x00000000d6880000,0x00000000d68c0000,0x00000000d6900000)
  to   space 512K, 0% used [0x00000000d6900000,0x00000000d6900000,0x00000000d6980000)
 ParOldGen       total 68608K, used 56321K [0x0000000080000000, 0x0000000084300000, 0x00000000d5580000)
  object space 68608K, 82% used [0x0000000080000000,0x0000000083700500,0x0000000084300000)
 Metaspace       used 62744K, committed 64192K, reserved 1114112K
  class space    used 6653K, committed 7296K, reserved 1048576K
}
Event: 56.135 GC heap before
{Heap before GC invocations=59 (full 3):
 PSYoungGen      total 17920K, used 17656K [0x00000000d5580000, 0x00000000d6980000, 0x0000000100000000)
  eden space 17408K, 99% used [0x00000000d5580000,0x00000000d667e078,0x00000000d6680000)
  from space 512K, 50% used [0x00000000d6880000,0x00000000d68c0000,0x00000000d6900000)
  to   space 512K, 0% used [0x00000000d6900000,0x00000000d6900000,0x00000000d6980000)
 ParOldGen       total 68608K, used 56321K [0x0000000080000000, 0x0000000084300000, 0x00000000d5580000)
  object space 68608K, 82% used [0x0000000080000000,0x0000000083700500,0x0000000084300000)
 Metaspace       used 62754K, committed 64192K, reserved 1114112K
  class space    used 6653K, committed 7296K, reserved 1048576K
}
Event: 56.137 GC heap after
{Heap after GC invocations=59 (full 3):
 PSYoungGen      total 17920K, used 352K [0x00000000d5580000, 0x00000000d6980000, 0x0000000100000000)
  eden space 17408K, 0% used [0x00000000d5580000,0x00000000d5580000,0x00000000d6680000)
  from space 512K, 68% used [0x00000000d6900000,0x00000000d6958000,0x00000000d6980000)
  to   space 512K, 0% used [0x00000000d6880000,0x00000000d6880000,0x00000000d6900000)
 ParOldGen       total 68608K, used 56385K [0x0000000080000000, 0x0000000084300000, 0x00000000d5580000)
  object space 68608K, 82% used [0x0000000080000000,0x0000000083710500,0x0000000084300000)
 Metaspace       used 62754K, committed 64192K, reserved 1114112K
  class space    used 6653K, committed 7296K, reserved 1048576K
}
Event: 56.389 GC heap before
{Heap before GC invocations=60 (full 3):
 PSYoungGen      total 17920K, used 17760K [0x00000000d5580000, 0x00000000d6980000, 0x0000000100000000)
  eden space 17408K, 100% used [0x00000000d5580000,0x00000000d6680000,0x00000000d6680000)
  from space 512K, 68% used [0x00000000d6900000,0x00000000d6958000,0x00000000d6980000)
  to   space 512K, 0% used [0x00000000d6880000,0x00000000d6880000,0x00000000d6900000)
 ParOldGen       total 68608K, used 56385K [0x0000000080000000, 0x0000000084300000, 0x00000000d5580000)
  object space 68608K, 82% used [0x0000000080000000,0x0000000083710500,0x0000000084300000)
 Metaspace       used 62781K, committed 64256K, reserved 1114112K
  class space    used 6653K, committed 7296K, reserved 1048576K
}
Event: 56.391 GC heap after
{Heap after GC invocations=60 (full 3):
 PSYoungGen      total 17920K, used 320K [0x00000000d5580000, 0x00000000d6980000, 0x0000000100000000)
  eden space 17408K, 0% used [0x00000000d5580000,0x00000000d5580000,0x00000000d6680000)
  from space 512K, 62% used [0x00000000d6880000,0x00000000d68d0000,0x00000000d6900000)
  to   space 512K, 0% used [0x00000000d6900000,0x00000000d6900000,0x00000000d6980000)
 ParOldGen       total 68608K, used 56481K [0x0000000080000000, 0x0000000084300000, 0x00000000d5580000)
  object space 68608K, 82% used [0x0000000080000000,0x0000000083728500,0x0000000084300000)
 Metaspace       used 62781K, committed 64256K, reserved 1114112K
  class space    used 6653K, committed 7296K, reserved 1048576K
}
Event: 57.284 GC heap before
{Heap before GC invocations=61 (full 3):
 PSYoungGen      total 17920K, used 17728K [0x00000000d5580000, 0x00000000d6980000, 0x0000000100000000)
  eden space 17408K, 100% used [0x00000000d5580000,0x00000000d6680000,0x00000000d6680000)
  from space 512K, 62% used [0x00000000d6880000,0x00000000d68d0000,0x00000000d6900000)
  to   space 512K, 0% used [0x00000000d6900000,0x00000000d6900000,0x00000000d6980000)
 ParOldGen       total 68608K, used 56481K [0x0000000080000000, 0x0000000084300000, 0x00000000d5580000)
  object space 68608K, 82% used [0x0000000080000000,0x0000000083728500,0x0000000084300000)
 Metaspace       used 62873K, committed 64320K, reserved 1114112K
  class space    used 6661K, committed 7296K, reserved 1048576K
}
Event: 57.286 GC heap after
{Heap after GC invocations=61 (full 3):
 PSYoungGen      total 17920K, used 320K [0x00000000d5580000, 0x00000000d6980000, 0x0000000100000000)
  eden space 17408K, 0% used [0x00000000d5580000,0x00000000d5580000,0x00000000d6680000)
  from space 512K, 62% used [0x00000000d6900000,0x00000000d6950000,0x00000000d6980000)
  to   space 512K, 0% used [0x00000000d6880000,0x00000000d6880000,0x00000000d6900000)
 ParOldGen       total 68608K, used 56649K [0x0000000080000000, 0x0000000084300000, 0x00000000d5580000)
  object space 68608K, 82% used [0x0000000080000000,0x0000000083752500,0x0000000084300000)
 Metaspace       used 62873K, committed 64320K, reserved 1114112K
  class space    used 6661K, committed 7296K, reserved 1048576K
}
Event: 57.571 GC heap before
{Heap before GC invocations=62 (full 3):
 PSYoungGen      total 17920K, used 17728K [0x00000000d5580000, 0x00000000d6980000, 0x0000000100000000)
  eden space 17408K, 100% used [0x00000000d5580000,0x00000000d6680000,0x00000000d6680000)
  from space 512K, 62% used [0x00000000d6900000,0x00000000d6950000,0x00000000d6980000)
  to   space 512K, 0% used [0x00000000d6880000,0x00000000d6880000,0x00000000d6900000)
 ParOldGen       total 68608K, used 56649K [0x0000000080000000, 0x0000000084300000, 0x00000000d5580000)
  object space 68608K, 82% used [0x0000000080000000,0x0000000083752500,0x0000000084300000)
 Metaspace       used 62941K, committed 64384K, reserved 1114112K
  class space    used 6664K, committed 7296K, reserved 1048576K
}
Event: 57.573 GC heap after
{Heap after GC invocations=62 (full 3):
 PSYoungGen      total 17920K, used 352K [0x00000000d5580000, 0x00000000d6980000, 0x0000000100000000)
  eden space 17408K, 0% used [0x00000000d5580000,0x00000000d5580000,0x00000000d6680000)
  from space 512K, 68% used [0x00000000d6880000,0x00000000d68d8000,0x00000000d6900000)
  to   space 512K, 0% used [0x00000000d6900000,0x00000000d6900000,0x00000000d6980000)
 ParOldGen       total 68608K, used 56835K [0x0000000080000000, 0x0000000084300000, 0x00000000d5580000)
  object space 68608K, 82% used [0x0000000080000000,0x0000000083780dd0,0x0000000084300000)
 Metaspace       used 62941K, committed 64384K, reserved 1114112K
  class space    used 6664K, committed 7296K, reserved 1048576K
}

Dll operation events (20 events):
Event: 0.017 Attempting to load shared library c:\Users\lriva\.kiro\extensions\redhat.java-1.56.0-win32-x64\jre\21.0.12.1-win32-x86_64\bin\java.dll
Event: 0.017 Loaded shared library c:\Users\lriva\.kiro\extensions\redhat.java-1.56.0-win32-x64\jre\21.0.12.1-win32-x86_64\bin\java.dll
Event: 0.115 Attempting to load shared library c:\Users\lriva\.kiro\extensions\redhat.java-1.56.0-win32-x64\jre\21.0.12.1-win32-x86_64\bin\zip.dll
Event: 0.115 Loaded shared library c:\Users\lriva\.kiro\extensions\redhat.java-1.56.0-win32-x64\jre\21.0.12.1-win32-x86_64\bin\zip.dll
Event: 0.146 Attempting to load shared library C:\Users\lriva\.kiro\extensions\redhat.java-1.56.0-win32-x64\jre\21.0.12.1-win32-x86_64\bin\instrument.dll
Event: 0.146 Loaded shared library C:\Users\lriva\.kiro\extensions\redhat.java-1.56.0-win32-x64\jre\21.0.12.1-win32-x86_64\bin\instrument.dll
Event: 0.155 Attempting to load shared library C:\Users\lriva\.kiro\extensions\redhat.java-1.56.0-win32-x64\jre\21.0.12.1-win32-x86_64\bin\net.dll
Event: 0.160 Loaded shared library C:\Users\lriva\.kiro\extensions\redhat.java-1.56.0-win32-x64\jre\21.0.12.1-win32-x86_64\bin\net.dll
Event: 0.167 Attempting to load shared library C:\Users\lriva\.kiro\extensions\redhat.java-1.56.0-win32-x64\jre\21.0.12.1-win32-x86_64\bin\nio.dll
Event: 0.168 Loaded shared library C:\Users\lriva\.kiro\extensions\redhat.java-1.56.0-win32-x64\jre\21.0.12.1-win32-x86_64\bin\nio.dll
Event: 0.173 Attempting to load shared library C:\Users\lriva\.kiro\extensions\redhat.java-1.56.0-win32-x64\jre\21.0.12.1-win32-x86_64\bin\zip.dll
Event: 0.173 Loaded shared library C:\Users\lriva\.kiro\extensions\redhat.java-1.56.0-win32-x64\jre\21.0.12.1-win32-x86_64\bin\zip.dll
Event: 0.202 Attempting to load shared library C:\Users\lriva\.kiro\extensions\redhat.java-1.56.0-win32-x64\jre\21.0.12.1-win32-x86_64\bin\jimage.dll
Event: 0.202 Loaded shared library C:\Users\lriva\.kiro\extensions\redhat.java-1.56.0-win32-x64\jre\21.0.12.1-win32-x86_64\bin\jimage.dll
Event: 0.332 Attempting to load shared library c:\Users\lriva\.kiro\extensions\redhat.java-1.56.0-win32-x64\jre\21.0.12.1-win32-x86_64\bin\verify.dll
Event: 0.332 Loaded shared library c:\Users\lriva\.kiro\extensions\redhat.java-1.56.0-win32-x64\jre\21.0.12.1-win32-x86_64\bin\verify.dll
Event: 2.131 Attempting to load shared library C:\Users\lriva\AppData\Roaming\Kiro\User\globalStorage\redhat.java\1.56.0\config_win\org.eclipse.equinox.launcher\org.eclipse.equinox.launcher.win32.win32.x86_64_1.3.100.v20260804-1928\eclipse_11924.dll
Event: 2.135 Loaded shared library C:\Users\lriva\AppData\Roaming\Kiro\User\globalStorage\redhat.java\1.56.0\config_win\org.eclipse.equinox.launcher\org.eclipse.equinox.launcher.win32.win32.x86_64_1.3.100.v20260804-1928\eclipse_11924.dll
Event: 11.450 Attempting to load shared library C:\Users\lriva\AppData\Local\Temp\jna-103241102\jna12442425308804546603.dll
Event: 11.455 Loaded shared library C:\Users\lriva\AppData\Local\Temp\jna-103241102\jna12442425308804546603.dll

Deoptimization events (20 events):
Event: 57.313 Thread 0x00000256785e4370 Uncommon trap: trap_request=0xffffff45 fr.pc=0x0000025664809948 relative=0x0000000000002508
Event: 57.313 Thread 0x00000256785e4370 Uncommon trap: reason=unstable_if action=reinterpret pc=0x0000025664809948 method=org.eclipse.jdt.internal.compiler.parser.Scanner.getNextToken0()Lorg/eclipse/jdt/internal/compiler/parser/TerminalToken; @ 493 c2
Event: 57.313 Thread 0x00000256785e4370 DEOPT PACKING pc=0x0000025664809948 sp=0x000000aeaf7fdd30
Event: 57.313 Thread 0x00000256785e4370 DEOPT UNPACKING pc=0x0000025663d93aa2 sp=0x000000aeaf7fdcb8 mode 2
Event: 57.317 Thread 0x00000256785e4370 DEOPT PACKING pc=0x000002565dc39cd1 sp=0x000000aeaf7fdbe0
Event: 57.317 Thread 0x00000256785e4370 DEOPT UNPACKING pc=0x0000025663d94242 sp=0x000000aeaf7fd0c8 mode 0
Event: 57.379 Thread 0x00000256785e4370 DEOPT PACKING pc=0x000002565dc7cfaa sp=0x000000aeaf7fdb90
Event: 57.379 Thread 0x00000256785e4370 DEOPT UNPACKING pc=0x0000025663d94242 sp=0x000000aeaf7fd028 mode 0
Event: 57.406 Thread 0x00000256785e4370 DEOPT PACKING pc=0x000002565dc39cd1 sp=0x000000aeaf7fdb40
Event: 57.406 Thread 0x00000256785e4370 DEOPT UNPACKING pc=0x0000025663d94242 sp=0x000000aeaf7fd010 mode 0
Event: 57.406 Thread 0x00000256785e4370 DEOPT PACKING pc=0x000002565dc39cd1 sp=0x000000aeaf7fdb40
Event: 57.406 Thread 0x00000256785e4370 DEOPT UNPACKING pc=0x0000025663d94242 sp=0x000000aeaf7fd010 mode 0
Event: 57.590 Thread 0x00000256785e4370 DEOPT PACKING pc=0x000002565dc39cd1 sp=0x000000aeaf7fdb90
Event: 57.590 Thread 0x00000256785e4370 DEOPT UNPACKING pc=0x0000025663d94242 sp=0x000000aeaf7fd060 mode 0
Event: 57.592 Thread 0x00000256785e4370 DEOPT PACKING pc=0x000002565dc39cd1 sp=0x000000aeaf7fdb90
Event: 57.592 Thread 0x00000256785e4370 DEOPT UNPACKING pc=0x0000025663d94242 sp=0x000000aeaf7fd060 mode 0
Event: 57.634 Thread 0x00000256785e4370 DEOPT PACKING pc=0x000002565cbe5e95 sp=0x000000aeaf7fdb70
Event: 57.634 Thread 0x00000256785e4370 DEOPT UNPACKING pc=0x0000025663d94242 sp=0x000000aeaf7fcf80 mode 0
Event: 57.643 Thread 0x00000256785e4370 DEOPT PACKING pc=0x000002565dc39cd1 sp=0x000000aeaf7fdb90
Event: 57.643 Thread 0x00000256785e4370 DEOPT UNPACKING pc=0x0000025663d94242 sp=0x000000aeaf7fd060 mode 0

Classes loaded (20 events):
Event: 45.660 Loading class java/nio/file/Files$2
Event: 45.660 Loading class java/nio/file/Files$2 done
Event: 45.895 Loading class java/util/stream/DistinctOps
Event: 45.895 Loading class java/util/stream/DistinctOps done
Event: 45.895 Loading class java/util/stream/DistinctOps$1
Event: 45.896 Loading class java/util/stream/DistinctOps$1 done
Event: 45.897 Loading class java/util/stream/DistinctOps$1$2
Event: 45.897 Loading class java/util/stream/DistinctOps$1$2 done
Event: 46.353 Loading class java/util/Hashtable$ValueCollection
Event: 46.353 Loading class java/util/Hashtable$ValueCollection done
Event: 57.648 Loading class java/util/stream/ReferencePipeline$4
Event: 57.649 Loading class java/util/stream/ReferencePipeline$4 done
Event: 57.649 Loading class java/util/stream/Nodes$IntFixedNodeBuilder
Event: 57.650 Loading class java/util/stream/Node$Builder$OfInt
Event: 57.650 Loading class java/util/stream/Node$Builder$OfInt done
Event: 57.650 Loading class java/util/stream/Nodes$IntArrayNode
Event: 57.651 Loading class java/util/stream/Nodes$IntArrayNode done
Event: 57.651 Loading class java/util/stream/Nodes$IntFixedNodeBuilder done
Event: 57.651 Loading class java/util/stream/ReferencePipeline$4$1
Event: 57.651 Loading class java/util/stream/ReferencePipeline$4$1 done

Classes unloaded (8 events):
Event: 15.369 Thread 0x0000025671310f10 Unloading class 0x00000256011ad400 'java/lang/invoke/LambdaForm$MH+0x00000256011ad400'
Event: 15.369 Thread 0x0000025671310f10 Unloading class 0x00000256011ad000 'java/lang/invoke/LambdaForm$MH+0x00000256011ad000'
Event: 15.369 Thread 0x0000025671310f10 Unloading class 0x00000256011acc00 'java/lang/invoke/LambdaForm$MH+0x00000256011acc00'
Event: 15.369 Thread 0x0000025671310f10 Unloading class 0x00000256011ac800 'java/lang/invoke/LambdaForm$MH+0x00000256011ac800'
Event: 15.369 Thread 0x0000025671310f10 Unloading class 0x00000256011ac400 'java/lang/invoke/LambdaForm$BMH+0x00000256011ac400'
Event: 15.369 Thread 0x0000025671310f10 Unloading class 0x00000256011ac000 'java/lang/invoke/LambdaForm$DMH+0x00000256011ac000'
Event: 15.369 Thread 0x0000025671310f10 Unloading class 0x00000256011aac00 'java/lang/invoke/LambdaForm$DMH+0x00000256011aac00'
Event: 45.206 Thread 0x0000025671310f10 Unloading class 0x0000025601684400 'java/lang/invoke/LambdaForm$DMH+0x0000025601684400'

Classes redefined (0 events):
No events

Internal exceptions (20 events):
Event: 44.239 Thread 0x00000256715817c0 Exception <a 'java/lang/NoSuchMethodError'{0x00000000d5a7e198}: 'java.lang.Object java.lang.invoke.DirectMethodHandle$Holder.invokeSpecial(java.lang.Object, java.lang.Object, int, long)'> (0x00000000d5a7e198) 
thrown [s\src\hotspot\share\interpreter\linkResolver.cpp, line 773]
Event: 45.673 Thread 0x00000256785e4370 Exception <a 'java/lang/NoSuchMethodError'{0x00000000d5619c20}: 'int java.lang.invoke.DirectMethodHandle$Holder.invokeSpecialIFC(java.lang.Object, java.lang.Object, java.lang.Object)'> (0x00000000d5619c20) 
thrown [s\src\hotspot\share\interpreter\linkResolver.cpp, line 773]
Event: 51.262 Thread 0x0000025671580410 Exception <a 'sun/nio/fs/WindowsException'{0x00000000d6247a40}> (0x00000000d6247a40) 
thrown [s\src\hotspot\share\prims\jni.cpp, line 520]
Event: 51.262 Thread 0x0000025671580410 Exception <a 'sun/nio/fs/WindowsException'{0x00000000d6248158}> (0x00000000d6248158) 
thrown [s\src\hotspot\share\prims\jni.cpp, line 520]
Event: 51.269 Thread 0x0000025671580410 Exception <a 'sun/nio/fs/WindowsException'{0x00000000d6252cd8}> (0x00000000d6252cd8) 
thrown [s\src\hotspot\share\prims\jni.cpp, line 520]
Event: 51.271 Thread 0x0000025671580410 Exception <a 'sun/nio/fs/WindowsException'{0x00000000d62533f0}> (0x00000000d62533f0) 
thrown [s\src\hotspot\share\prims\jni.cpp, line 520]
Event: 56.370 Thread 0x00000256785e4370 Exception <a 'sun/nio/fs/WindowsException'{0x00000000d6655f28}> (0x00000000d6655f28) 
thrown [s\src\hotspot\share\prims\jni.cpp, line 520]
Event: 56.370 Thread 0x00000256785e4370 Exception <a 'sun/nio/fs/WindowsException'{0x00000000d66568f0}> (0x00000000d66568f0) 
thrown [s\src\hotspot\share\prims\jni.cpp, line 520]
Event: 56.715 Thread 0x00000256785e4370 Exception <a 'sun/nio/fs/WindowsException'{0x00000000d57fd140}> (0x00000000d57fd140) 
thrown [s\src\hotspot\share\prims\jni.cpp, line 520]
Event: 56.716 Thread 0x00000256785e4370 Exception <a 'sun/nio/fs/WindowsException'{0x00000000d57fdb08}> (0x00000000d57fdb08) 
thrown [s\src\hotspot\share\prims\jni.cpp, line 520]
Event: 57.265 Thread 0x00000256785e4370 Exception <a 'sun/nio/fs/WindowsException'{0x00000000d664e638}> (0x00000000d664e638) 
thrown [s\src\hotspot\share\prims\jni.cpp, line 520]
Event: 57.265 Thread 0x00000256785e4370 Exception <a 'sun/nio/fs/WindowsException'{0x00000000d664f000}> (0x00000000d664f000) 
thrown [s\src\hotspot\share\prims\jni.cpp, line 520]
Event: 57.350 Thread 0x00000256785e4370 Exception <a 'sun/nio/fs/WindowsException'{0x00000000d58875d8}> (0x00000000d58875d8) 
thrown [s\src\hotspot\share\prims\jni.cpp, line 520]
Event: 57.350 Thread 0x00000256785e4370 Exception <a 'sun/nio/fs/WindowsException'{0x00000000d5887fa0}> (0x00000000d5887fa0) 
thrown [s\src\hotspot\share\prims\jni.cpp, line 520]
Event: 57.530 Thread 0x00000256785e4370 Exception <a 'sun/nio/fs/WindowsException'{0x00000000d66291a0}> (0x00000000d66291a0) 
thrown [s\src\hotspot\share\prims\jni.cpp, line 520]
Event: 57.531 Thread 0x00000256785e4370 Exception <a 'sun/nio/fs/WindowsException'{0x00000000d6629b68}> (0x00000000d6629b68) 
thrown [s\src\hotspot\share\prims\jni.cpp, line 520]
Event: 57.615 Thread 0x00000256785e4370 Exception <a 'sun/nio/fs/WindowsException'{0x00000000d58184d0}> (0x00000000d58184d0) 
thrown [s\src\hotspot\share\prims\jni.cpp, line 520]
Event: 57.615 Thread 0x00000256785e4370 Exception <a 'sun/nio/fs/WindowsException'{0x00000000d5818e98}> (0x00000000d5818e98) 
thrown [s\src\hotspot\share\prims\jni.cpp, line 520]
Event: 57.676 Thread 0x00000256785e4370 Exception <a 'sun/nio/fs/WindowsException'{0x00000000d5b44568}> (0x00000000d5b44568) 
thrown [s\src\hotspot\share\prims\jni.cpp, line 520]
Event: 57.676 Thread 0x00000256785e4370 Exception <a 'sun/nio/fs/WindowsException'{0x00000000d5b44f30}> (0x00000000d5b44f30) 
thrown [s\src\hotspot\share\prims\jni.cpp, line 520]

ZGC Phase Switch (0 events):
No events

VM Operations (20 events):
Event: 2946.892 Executing non-safepoint VM operation: HandshakeAllThreads (HandshakeForDeflation)
Event: 2946.898 Executing non-safepoint VM operation: HandshakeAllThreads (HandshakeForDeflation) done
Event: 2946.898 Executing non-safepoint VM operation: RendezvousGCThreads
Event: 2946.898 Executing non-safepoint VM operation: RendezvousGCThreads done
Event: 3006.988 Executing non-safepoint VM operation: HandshakeAllThreads (HandshakeForDeflation)
Event: 3006.993 Executing non-safepoint VM operation: HandshakeAllThreads (HandshakeForDeflation) done
Event: 3006.994 Executing non-safepoint VM operation: RendezvousGCThreads
Event: 3006.994 Executing non-safepoint VM operation: RendezvousGCThreads done
Event: 3067.047 Executing non-safepoint VM operation: HandshakeAllThreads (HandshakeForDeflation)
Event: 3067.055 Executing non-safepoint VM operation: HandshakeAllThreads (HandshakeForDeflation) done
Event: 3067.088 Executing non-safepoint VM operation: RendezvousGCThreads
Event: 3067.089 Executing non-safepoint VM operation: RendezvousGCThreads done
Event: 3127.268 Executing non-safepoint VM operation: HandshakeAllThreads (HandshakeForDeflation)
Event: 3127.275 Executing non-safepoint VM operation: HandshakeAllThreads (HandshakeForDeflation) done
Event: 3127.277 Executing non-safepoint VM operation: RendezvousGCThreads
Event: 3127.278 Executing non-safepoint VM operation: RendezvousGCThreads done
Event: 3187.517 Executing non-safepoint VM operation: HandshakeAllThreads (HandshakeForDeflation)
Event: 3187.527 Executing non-safepoint VM operation: HandshakeAllThreads (HandshakeForDeflation) done
Event: 3187.529 Executing non-safepoint VM operation: RendezvousGCThreads
Event: 3187.530 Executing non-safepoint VM operation: RendezvousGCThreads done

Memory protections (0 events):
No events

Nmethod flushes (20 events):
Event: 45.309 Thread 0x0000025671310f10 flushing  nmethod 0x000002565d1aba90
Event: 45.309 Thread 0x0000025671310f10 flushing  nmethod 0x000002565d1bcb90
Event: 45.309 Thread 0x0000025671310f10 flushing  nmethod 0x000002565d1c7e10
Event: 45.309 Thread 0x0000025671310f10 flushing  nmethod 0x000002565d1d8b10
Event: 45.309 Thread 0x0000025671310f10 flushing  nmethod 0x000002565d1da110
Event: 45.309 Thread 0x0000025671310f10 flushing  nmethod 0x000002565d1e8310
Event: 45.309 Thread 0x0000025671310f10 flushing  nmethod 0x000002565d21b810
Event: 45.309 Thread 0x0000025671310f10 flushing  nmethod 0x000002565d21ff10
Event: 45.309 Thread 0x0000025671310f10 flushing  nmethod 0x000002565d220290
Event: 45.309 Thread 0x0000025671310f10 flushing  nmethod 0x000002565d22c590
Event: 45.309 Thread 0x0000025671310f10 flushing  nmethod 0x000002565d260f10
Event: 45.309 Thread 0x0000025671310f10 flushing  nmethod 0x000002565d261610
Event: 45.309 Thread 0x0000025671310f10 flushing  nmethod 0x000002565d261c10
Event: 45.309 Thread 0x0000025671310f10 flushing  nmethod 0x000002565d265510
Event: 45.309 Thread 0x0000025671310f10 flushing  nmethod 0x000002565d265890
Event: 45.309 Thread 0x0000025671310f10 flushing  nmethod 0x000002565d268d10
Event: 45.309 Thread 0x0000025671310f10 flushing  nmethod 0x000002565d28e790
Event: 45.309 Thread 0x0000025671310f10 flushing  nmethod 0x000002565d28ec90
Event: 45.309 Thread 0x0000025671310f10 flushing  nmethod 0x000002565d28f210
Event: 45.309 Thread 0x0000025671310f10 flushing  nmethod 0x000002565d2a4d90

Events (20 events):
Event: 43.186 Thread 0x00000256785e6ad0 Thread exited: 0x00000256785e6ad0
Event: 43.188 Thread 0x00000256785e6440 Thread exited: 0x00000256785e6440
Event: 110.836 Thread 0x0000025671582b70 Thread exited: 0x0000025671582b70
Event: 111.279 Thread 0x0000025671583890 Thread exited: 0x0000025671583890
Event: 111.791 Thread 0x0000025671580410 Thread exited: 0x0000025671580410
Event: 117.705 Thread 0x00000256785e4370 Thread exited: 0x00000256785e4370
Event: 177.714 Thread 0x00000256785e1580 Thread exited: 0x00000256785e1580
Event: 237.719 Thread 0x00000256785e5090 Thread exited: 0x00000256785e5090
Event: 297.745 Thread 0x00000256785e3650 Thread exited: 0x00000256785e3650
Event: 345.079 Thread 0x0000025677125480 Thread exited: 0x0000025677125480
Event: 357.738 Thread 0x00000256785e2930 Thread exited: 0x00000256785e2930
Event: 645.139 Thread 0x000002567711e4f0 Thread exited: 0x000002567711e4f0
Event: 945.141 Thread 0x0000025677122d20 Thread exited: 0x0000025677122d20
Event: 1245.151 Thread 0x0000025677123a40 Thread exited: 0x0000025677123a40
Event: 1545.185 Thread 0x0000025677124760 Thread exited: 0x0000025677124760
Event: 1845.200 Thread 0x0000025677120c50 Thread exited: 0x0000025677120c50
Event: 2145.206 Thread 0x00000256771240d0 Thread exited: 0x00000256771240d0
Event: 2445.216 Thread 0x0000025677124df0 Thread exited: 0x0000025677124df0
Event: 2745.270 Thread 0x0000025677122690 Thread exited: 0x0000025677122690
Event: 3045.279 Thread 0x000002567711ff30 Thread exited: 0x000002567711ff30


Dynamic libraries:
0x00007ff611610000 - 0x00007ff61161e000 	c:\Users\lriva\.kiro\extensions\redhat.java-1.56.0-win32-x64\jre\21.0.12.1-win32-x86_64\bin\java.exe
0x00007ff97ba80000 - 0x00007ff97bce7000 	C:\windows\SYSTEM32\ntdll.dll
0x00007ff97a560000 - 0x00007ff97a62b000 	C:\windows\System32\KERNEL32.DLL
0x00007ff9791e0000 - 0x00007ff9795e2000 	C:\windows\System32\KERNELBASE.dll
0x00007ff978d30000 - 0x00007ff978e7c000 	C:\windows\System32\ucrtbase.dll
0x00007ff93a5f0000 - 0x00007ff93a608000 	c:\Users\lriva\.kiro\extensions\redhat.java-1.56.0-win32-x64\jre\21.0.12.1-win32-x86_64\bin\jli.dll
0x00007ff97b6d0000 - 0x00007ff97b89f000 	C:\windows\System32\USER32.dll
0x00007ff9795f0000 - 0x00007ff979617000 	C:\windows\System32\win32u.dll
0x00007ff952100000 - 0x00007ff95211e000 	c:\Users\lriva\.kiro\extensions\redhat.java-1.56.0-win32-x64\jre\21.0.12.1-win32-x86_64\bin\VCRUNTIME140.dll
0x00007ff97aa60000 - 0x00007ff97aa8b000 	C:\windows\System32\GDI32.dll
0x00007ff979020000 - 0x00007ff979149000 	C:\windows\System32\gdi32full.dll
0x00007ff978c80000 - 0x00007ff978d23000 	C:\windows\System32\msvcp_win.dll
0x00007ff95f640000 - 0x00007ff95f8d0000 	C:\windows\WinSxS\amd64_microsoft.windows.common-controls_6595b64144ccf1df_6.0.26100.9278_none_3e0d1ba8e3303201\COMCTL32.dll
0x00007ff97a490000 - 0x00007ff97a539000 	C:\windows\System32\msvcrt.dll
0x00007ff97b3c0000 - 0x00007ff97b3f1000 	C:\windows\System32\IMM32.DLL
0x00000000726f0000 - 0x00000000726fd000 	C:\Program Files (x86)\360\Total Security\safemon\SafeWrapper.dll
0x00007ff97a3c0000 - 0x00007ff97a47c000 	C:\windows\System32\ADVAPI32.dll
0x00007ff97a810000 - 0x00007ff97a8b9000 	C:\windows\System32\sechost.dll
0x00007ff97b0c0000 - 0x00007ff97b1d8000 	C:\windows\System32\RPCRT4.dll
0x00007ff9764f0000 - 0x00007ff9765f5000 	C:\Program Files (x86)\360\Total Security\safemon\libzdtp64.dll
0x00007ff979b90000 - 0x00007ff97a328000 	C:\windows\System32\SHELL32.dll
0x00007ff97af40000 - 0x00007ff97afa6000 	C:\windows\System32\SHLWAPI.dll
0x00007ff978560000 - 0x00007ff97856b000 	C:\windows\SYSTEM32\VERSION.dll
0x00007ff9753d0000 - 0x00007ff9753dc000 	c:\Users\lriva\.kiro\extensions\redhat.java-1.56.0-win32-x64\jre\21.0.12.1-win32-x86_64\bin\vcruntime140_1.dll
0x00007ff8f0770000 - 0x00007ff8f07fd000 	c:\Users\lriva\.kiro\extensions\redhat.java-1.56.0-win32-x64\jre\21.0.12.1-win32-x86_64\bin\msvcp140.dll
0x00007ff8ef9c0000 - 0x00007ff8f0762000 	c:\Users\lriva\.kiro\extensions\redhat.java-1.56.0-win32-x64\jre\21.0.12.1-win32-x86_64\bin\server\jvm.dll
0x00007ff97b580000 - 0x00007ff97b600000 	C:\windows\System32\WS2_32.dll
0x00007ff978b00000 - 0x00007ff978b5e000 	C:\windows\SYSTEM32\POWRPROF.dll
0x00007ff973270000 - 0x00007ff9732a6000 	C:\windows\SYSTEM32\WINMM.dll
0x00007ff978ae0000 - 0x00007ff978af5000 	C:\windows\SYSTEM32\UMPDC.dll
0x00007ff9778a0000 - 0x00007ff9778bb000 	C:\windows\SYSTEM32\kernel.appcore.dll
0x00007ff918f30000 - 0x00007ff918f3a000 	c:\Users\lriva\.kiro\extensions\redhat.java-1.56.0-win32-x64\jre\21.0.12.1-win32-x86_64\bin\jimage.dll
0x00007ff975c20000 - 0x00007ff975e6c000 	C:\windows\SYSTEM32\DBGHELP.DLL
0x00007ff9797a0000 - 0x00007ff979b25000 	C:\windows\System32\combase.dll
0x00007ff97afb0000 - 0x00007ff97b089000 	C:\windows\System32\OLEAUT32.dll
0x00007ff94c5a0000 - 0x00007ff94c5db000 	C:\windows\SYSTEM32\dbgcore.DLL
0x00007ff9796e0000 - 0x00007ff97978c000 	C:\windows\System32\bcryptPrimitives.dll
0x00007ff9183c0000 - 0x00007ff9183cf000 	c:\Users\lriva\.kiro\extensions\redhat.java-1.56.0-win32-x64\jre\21.0.12.1-win32-x86_64\bin\instrument.dll
0x00007ff915fa0000 - 0x00007ff915fc0000 	c:\Users\lriva\.kiro\extensions\redhat.java-1.56.0-win32-x64\jre\21.0.12.1-win32-x86_64\bin\java.dll
0x00007ff976600000 - 0x00007ff976eae000 	C:\windows\SYSTEM32\windows.storage.dll
0x00007ff97b940000 - 0x00007ff97ba3b000 	C:\windows\System32\SHCORE.dll
0x00007ff978ba0000 - 0x00007ff978bc9000 	C:\windows\SYSTEM32\profapi.dll
0x00007ff9083d0000 - 0x00007ff9083e8000 	c:\Users\lriva\.kiro\extensions\redhat.java-1.56.0-win32-x64\jre\21.0.12.1-win32-x86_64\bin\zip.dll
0x00007ff917e20000 - 0x00007ff917e30000 	C:\Users\lriva\.kiro\extensions\redhat.java-1.56.0-win32-x64\jre\21.0.12.1-win32-x86_64\bin\net.dll
0x00007ff96d8b0000 - 0x00007ff96d9da000 	C:\windows\SYSTEM32\WINHTTP.dll
0x00007ff977e90000 - 0x00007ff977efc000 	C:\windows\system32\mswsock.dll
0x00007ff906400000 - 0x00007ff906416000 	C:\Users\lriva\.kiro\extensions\redhat.java-1.56.0-win32-x64\jre\21.0.12.1-win32-x86_64\bin\nio.dll
0x00007ff917d50000 - 0x00007ff917d60000 	c:\Users\lriva\.kiro\extensions\redhat.java-1.56.0-win32-x64\jre\21.0.12.1-win32-x86_64\bin\verify.dll
0x00007ff8f0fa0000 - 0x00007ff8f0fe5000 	C:\Users\lriva\AppData\Roaming\Kiro\User\globalStorage\redhat.java\1.56.0\config_win\org.eclipse.equinox.launcher\org.eclipse.equinox.launcher.win32.win32.x86_64_1.3.100.v20260804-1928\eclipse_11924.dll
0x00007ff97a8c0000 - 0x00007ff97aa5a000 	C:\windows\System32\ole32.dll
0x00007ff978180000 - 0x00007ff97819b000 	C:\windows\SYSTEM32\CRYPTSP.dll
0x00007ff977800000 - 0x00007ff977839000 	C:\windows\system32\rsaenh.dll
0x00007ff977f40000 - 0x00007ff977f74000 	C:\windows\SYSTEM32\USERENV.dll
0x00007ff978b70000 - 0x00007ff978b9a000 	C:\windows\SYSTEM32\bcrypt.dll
0x00007ff9781a0000 - 0x00007ff9781ac000 	C:\windows\SYSTEM32\CRYPTBASE.dll
0x00007ff977240000 - 0x00007ff977273000 	C:\windows\SYSTEM32\IPHLPAPI.DLL
0x00007ff97a680000 - 0x00007ff97a68a000 	C:\windows\System32\NSI.dll
0x00007ff93ded0000 - 0x00007ff93df19000 	C:\Users\lriva\AppData\Local\Temp\jna-103241102\jna12442425308804546603.dll
0x00007ff97b400000 - 0x00007ff97b408000 	C:\windows\System32\PSAPI.DLL
0x00007ff96f130000 - 0x00007ff96f14d000 	C:\windows\SYSTEM32\dhcpcsvc6.DLL
0x00007ff96f100000 - 0x00007ff96f125000 	C:\windows\SYSTEM32\dhcpcsvc.DLL

JVMTI agents:
c:\Users\lriva\.kiro\extensions\redhat.java-1.56.0-win32-x64\lombok\lombok-1.18.39-4050.jar path:c:\Users\lriva\.kiro\extensions\redhat.java-1.56.0-win32-x64\jre\21.0.12.1-win32-x86_64\bin\instrument.dll, loaded, initialized, instrumentlib options:none

dbghelp: loaded successfully - version: 4.0.5 - missing functions: none
symbol engine: initialized successfully - sym options: 0x614 - pdb path: .;c:\Users\lriva\.kiro\extensions\redhat.java-1.56.0-win32-x64\jre\21.0.12.1-win32-x86_64\bin;C:\windows\SYSTEM32;C:\windows\WinSxS\amd64_microsoft.windows.common-controls_6595b64144ccf1df_6.0.26100.9278_none_3e0d1ba8e3303201;C:\Program Files (x86)\360\Total Security\safemon;c:\Users\lriva\.kiro\extensions\redhat.java-1.56.0-win32-x64\jre\21.0.12.1-win32-x86_64\bin\server;C:\Users\lriva\AppData\Roaming\Kiro\User\globalStorage\redhat.java\1.56.0\config_win\org.eclipse.equinox.launcher\org.eclipse.equinox.launcher.win32.win32.x86_64_1.3.100.v20260804-1928;C:\Users\lriva\AppData\Local\Temp\jna-103241102

VM Arguments:
jvm_args: --add-modules=ALL-SYSTEM --add-opens=java.base/java.util=ALL-UNNAMED --add-opens=java.base/java.lang=ALL-UNNAMED --add-opens=java.base/sun.nio.fs=ALL-UNNAMED -Declipse.application=org.eclipse.jdt.ls.core.id1 -Dosgi.bundles.defaultStartLevel=4 -Declipse.product=org.eclipse.jdt.ls.core.product -Djava.import.generatesMetadataFilesAtProjectRoot=false -Dm2e.project.cache.size=50 -DDetectVMInstallationsJob.disabled=true -Dfile.encoding=utf8 -XX:+UseParallelGC -XX:GCTimeRatio=4 -XX:AdaptiveSizePolicyWeight=90 -Dsun.zip.disableMemoryMapping=true -Xmx2G -Xms100m -Xlog:disable -javaagent:c:\Users\lriva\.kiro\extensions\redhat.java-1.56.0-win32-x64\lombok\lombok-1.18.39-4050.jar -XX:+HeapDumpOnOutOfMemoryError -XX:HeapDumpPath=c:\Users\lriva\AppData\Roaming\Kiro\User\workspaceStorage\f4f213bcac9ccfb97ae489539345d8fe\redhat.java -Daether.dependencyCollector.impl=bf 
java_command: c:\Users\lriva\.kiro\extensions\redhat.java-1.56.0-win32-x64\server\plugins\org.eclipse.equinox.launcher_1.8.0.v20260804-1928.jar -configuration c:\Users\lriva\AppData\Roaming\Kiro\User\globalStorage\redhat.java\1.56.0\config_win -data c:\Users\lriva\AppData\Roaming\Kiro\User\workspaceStorage\f4f213bcac9ccfb97ae489539345d8fe\redhat.java\jdt_ws --pipe=\\.\pipe\lsp-8f8135fb3684f179d7dfc2f417141c66-sock
java_class_path (initial): c:\Users\lriva\.kiro\extensions\redhat.java-1.56.0-win32-x64\server\plugins\org.eclipse.equinox.launcher_1.8.0.v20260804-1928.jar
Launcher Type: SUN_STANDARD

[Global flags]
    uintx AdaptiveSizePolicyWeight                 = 90                                        {product} {command line}
     intx CICompilerCount                          = 4                                         {product} {ergonomic}
    uintx GCTimeRatio                              = 4                                         {product} {command line}
     bool HeapDumpOnOutOfMemoryError               = true                                   {manageable} {command line}
    ccstr HeapDumpPath                             = c:\Users\lriva\AppData\Roaming\Kiro\User\workspaceStorage\f4f213bcac9ccfb97ae489539345d8fe\redhat.java         {manageable} {command line}
   size_t InitialHeapSize                          = 104857600                                 {product} {command line}
   size_t MaxHeapSize                              = 2147483648                                {product} {command line}
   size_t MaxNewSize                               = 715653120                                 {product} {ergonomic}
   size_t MinHeapDeltaBytes                        = 524288                                    {product} {ergonomic}
   size_t MinHeapSize                              = 104857600                                 {product} {command line}
   size_t NewSize                                  = 34603008                                  {product} {ergonomic}
    uintx NonNMethodCodeHeapSize                   = 5839372                                {pd product} {ergonomic}
    uintx NonProfiledCodeHeapSize                  = 122909434                              {pd product} {ergonomic}
   size_t OldSize                                  = 70254592                                  {product} {ergonomic}
    uintx ProfiledCodeHeapSize                     = 122909434                              {pd product} {ergonomic}
    uintx ReservedCodeCacheSize                    = 251658240                              {pd product} {ergonomic}
     bool SegmentedCodeCache                       = true                                      {product} {ergonomic}
   size_t SoftMaxHeapSize                          = 2147483648                             {manageable} {ergonomic}
     bool UseCompressedOops                        = true                           {product lp64_product} {ergonomic}
     bool UseLargePagesIndividualAllocation        = false                                  {pd product} {ergonomic}
     bool UseParallelGC                            = true                                      {product} {command line}

Logging:
Log output configuration:
 #0: stdout all=off uptime,level,tags foldmultilines=false
 #1: stderr all=off uptime,level,tags foldmultilines=false

Release file:
JAVA_VERSION="21.0.12.1" 
MODULES="java.base java.compiler java.datatransfer java.xml java.prefs java.desktop java.instrument java.logging java.management java.security.sasl java.naming java.rmi java.management.rmi java.net.http java.scripting java.security.jgss java.transaction.xa java.sql java.sql.rowset java.xml.crypto java.se java.smartcardio jdk.accessibility jdk.internal.jvmstat jdk.attach jdk.charsets jdk.internal.opt jdk.zipfs jdk.compiler jdk.crypto.ec jdk.crypto.cryptoki jdk.crypto.mscapi jdk.dynalink jdk.internal.ed jdk.editpad jdk.hotspot.agent jdk.httpserver jdk.internal.le jdk.internal.vm.ci jdk.internal.vm.compiler jdk.internal.vm.compiler.management jdk.jartool jdk.javadoc jdk.jcmd jdk.management jdk.management.agent jdk.jconsole jdk.jdeps jdk.jdwp.agent jdk.jdi jdk.jfr jdk.jshell jdk.jsobject jdk.jstatd jdk.localedata jdk.management.jfr jdk.naming.dns jdk.naming.rmi jdk.net jdk.nio.mapmode jdk.random jdk.sctp jdk.security.auth jdk.security.jgss jdk.unsupported jdk.unsupported.desktop jdk.xml.dom" 

Environment Variables:
JAVA_HOME=C:\Program Files\Java\jdk-17
PATH=C:\Program Files\Eclipse Adoptium\jdk-17.0.16.8-hotspot\bin;C:\Users\lriva\Downloads\apache-maven-3.9.16-bin\apache-maven-3.9.16\bin;C:\Program Files\Common Files\Oracle\Java\javapath;C:\Program Files (x86)\Common Files\Oracle\Java\java8path;C:\Program Files (x86)\Common Files\Oracle\Java\javapath;C:\windows\system32;C:\windows;C:\windows\System32\Wbem;C:\windows\System32\WindowsPowerShell\v1.0\;C:\windows\System32\OpenSSH\;C:\Program Files\Git\cmd;C:\Program Files\nodejs\;C:\Program Files\cursor\resources\app\bin;C:\Program Files\Docker\Docker\resources\bin;C:\Program Files\Kubernetes\Minikube;C:\Users\lriva\AppData\Local\Programs\Python\Python314\Scripts\;C:\Users\lriva\AppData\Local\Programs\Python\Python314\;C:\Users\lriva\AppData\Local\Programs\Python\Launcher\;C:\Users\lriva\AppData\Local\Microsoft\WindowsApps;C:\Users\lriva\AppData\Local\Programs\Microsoft VS Code\bin;C:\Users\lriva\AppData\Roaming\npm;C:\Users\lriva\AppData\Local\Python\bin;C:\Users\lriva\AppData\Local\Programs\Qoder\bin;C:\Users\lriva\AppData\Local\Programs\Antigravity\bin;C:\flutter\bin;C:\dart-sdk\bin;C:\Users\lriva\AppData\Local\Programs\Windsurf\bin;C:\Users\lriva\AppData\Local\Programs\Kiro\bin;C:\Users\lriva\AppData\Local\Microsoft\WinGet\Links;C:\Users\lriva\AppData\Local\Programs\cursor\resources\app\bin;C:\Users\lriva\AppData\Local\Kingsoft\WPS Office\12.1.0.27458\clitool
USERNAME=lriva
OS=Windows_NT
PROCESSOR_IDENTIFIER=Intel64 Family 6 Model 186 Stepping 3, GenuineIntel
TMP=C:\Users\lriva\AppData\Local\Temp
TEMP=C:\Users\lriva\AppData\Local\Temp




Periodic native trim disabled

---------------  S Y S T E M  ---------------

OS:
 Windows 11 , 64 bit Build 26100 (10.0.26100.9444)
OS uptime: 0 days 15:55 hours
Hyper-V role detected

CPU: total 12 (initial active 12) (6 cores per cpu, 2 threads per core) family 6 model 186 stepping 3 microcode 0x6134, cx8, cmov, fxsr, ht, mmx, 3dnowpref, sse, sse2, sse3, ssse3, sse4.1, sse4.2, popcnt, lzcnt, tsc, tscinvbit, avx, avx2, aes, erms, clmul, bmi1, bmi2, adx, sha, fma, vzeroupper, clflush, clflushopt, clwb, hv, serialize, rdtscp, rdpid, fsrm, f16c, cet_ibt, cet_ss
Processor Information for the first 12 processors :
  Max Mhz: 1400, Current Mhz: 1400, Mhz Limit: 1400

Memory: 4k page, system-wide physical 7832M (4M free)
TotalPageFile size 31384M (AvailPageFile size 7M)
current process WorkingSet (physical memory assigned to process): 7M, peak: 270M
current process commit charge ("private bytes"): 343M, peak: 381M

vm_info: OpenJDK 64-Bit Server VM (21.0.12.1+1-LTS) for windows-amd64 JRE (21.0.12.1+1-LTS), built on 2026-08-18T00:00:00Z by "admin" with MS VC++ 17.12 (VS2022)

END.
